2026-08-12 15:15:16 +0200 - dagster - DEBUG - __ASSET_JOB - 14325beb-4745-4205-9b08-5db81726caa7 - 56700 - LOGS_CAPTURED - Capturing logs for process (pid: 56700).
2026-08-12 15:15:16 +0200 - dagster - DEBUG - __ASSET_JOB - 14325beb-4745-4205-9b08-5db81726caa7 - 56700 - _dbt - STEP_START - Started execution of step "_dbt".
2026-08-12 15:15:17 +0200 - dagster - INFO - __ASSET_JOB - 14325beb-4745-4205-9b08-5db81726caa7 - _dbt - A dbt subsetted execution is being performed. Overriding default dbt selection arguments `['--select', 'fqn:*']` with arguments: `['acme_us.marts.fct_payments', 'acme_us.staging.stripe.stg_stripe__charges']`.
2026-08-12 15:15:18 +0200 - dagster - INFO - __ASSET_JOB - 14325beb-4745-4205-9b08-5db81726caa7 - _dbt - Copying `/Users/suresh/data-platform/groups/acme/projects/acme-us/transform/target/partial_parse.msgpack` to `/Users/suresh/data-platform/groups/acme/projects/acme-us/transform/target/_dbt-14325be-c769b1f/partial_parse.msgpack` to take advantage of partial parsing.
2026-08-12 15:15:18 +0200 - dagster - INFO - __ASSET_JOB - 14325beb-4745-4205-9b08-5db81726caa7 - _dbt - Running dbt command: `dbt build --select acme_us.marts.fct_payments acme_us.staging.stripe.stg_stripe__charges`.
2026-08-12 15:15:21 +0200 - dagster - DEBUG - __ASSET_JOB - 14325beb-4745-4205-9b08-5db81726caa7 - 56700 - _dbt - STEP_OUTPUT - Yielded output "acme_us__stg_stripe__charges" of type "Nothing". (Type check passed).
2026-08-12 15:15:21 +0200 - dagster - DEBUG - __ASSET_JOB - 14325beb-4745-4205-9b08-5db81726caa7 - 56700 - _dbt - ASSET_MATERIALIZATION - Materialized value acme_us stg_stripe__charges.
2026-08-12 15:15:21 +0200 - dagster - DEBUG - __ASSET_JOB - 14325beb-4745-4205-9b08-5db81726caa7 - 56700 - _dbt - STEP_OUTPUT - Yielded output "acme_us__stg_stripe__charges_not_null_stg_stripe__charges_payment_id" of type "Any". (Type check passed).
2026-08-12 15:15:21 +0200 - dagster - DEBUG - __ASSET_JOB - 14325beb-4745-4205-9b08-5db81726caa7 - 56700 - _dbt - ASSET_CHECK_EVALUATION - Asset check 'not_null_stg_stripe__charges_payment_id' on 'acme_us/stg_stripe__charges' passed.
2026-08-12 15:15:21 +0200 - dagster - DEBUG - __ASSET_JOB - 14325beb-4745-4205-9b08-5db81726caa7 - 56700 - _dbt - STEP_OUTPUT - Yielded output "acme_us__stg_stripe__charges_unique_stg_stripe__charges_payment_id" of type "Any". (Type check passed).
2026-08-12 15:15:21 +0200 - dagster - DEBUG - __ASSET_JOB - 14325beb-4745-4205-9b08-5db81726caa7 - 56700 - _dbt - ASSET_CHECK_EVALUATION - Asset check 'unique_stg_stripe__charges_payment_id' on 'acme_us/stg_stripe__charges' passed.
2026-08-12 15:15:21 +0200 - dagster - DEBUG - __ASSET_JOB - 14325beb-4745-4205-9b08-5db81726caa7 - 56700 - _dbt - STEP_OUTPUT - Yielded output "acme_us__stg_stripe__charges_not_null_stg_stripe__charges_paid_at" of type "Any". (Type check passed).
2026-08-12 15:15:21 +0200 - dagster - DEBUG - __ASSET_JOB - 14325beb-4745-4205-9b08-5db81726caa7 - 56700 - _dbt - ASSET_CHECK_EVALUATION - Asset check 'not_null_stg_stripe__charges_paid_at' on 'acme_us/stg_stripe__charges' passed.
2026-08-12 15:15:21 +0200 - dagster - DEBUG - __ASSET_JOB - 14325beb-4745-4205-9b08-5db81726caa7 - 56700 - _dbt - STEP_OUTPUT - Yielded output "acme_us__stg_stripe__charges_not_null_stg_stripe__charges_amount" of type "Any". (Type check passed).
2026-08-12 15:15:21 +0200 - dagster - DEBUG - __ASSET_JOB - 14325beb-4745-4205-9b08-5db81726caa7 - 56700 - _dbt - ASSET_CHECK_EVALUATION - Asset check 'not_null_stg_stripe__charges_amount' on 'acme_us/stg_stripe__charges' passed.
2026-08-12 15:15:21 +0200 - dagster - DEBUG - __ASSET_JOB - 14325beb-4745-4205-9b08-5db81726caa7 - 56700 - _dbt - STEP_OUTPUT - Yielded output "acme_us__fct_payments" of type "Nothing". (Type check passed).
2026-08-12 15:15:21 +0200 - dagster - DEBUG - __ASSET_JOB - 14325beb-4745-4205-9b08-5db81726caa7 - 56700 - _dbt - ASSET_MATERIALIZATION - Materialized value acme_us fct_payments.
2026-08-12 15:15:21 +0200 - dagster - DEBUG - __ASSET_JOB - 14325beb-4745-4205-9b08-5db81726caa7 - 56700 - _dbt - STEP_OUTPUT - Yielded output "acme_us__fct_payments_not_null_fct_payments_payment_id" of type "Any". (Type check passed).
2026-08-12 15:15:21 +0200 - dagster - DEBUG - __ASSET_JOB - 14325beb-4745-4205-9b08-5db81726caa7 - 56700 - _dbt - ASSET_CHECK_EVALUATION - Asset check 'not_null_fct_payments_payment_id' on 'acme_us/fct_payments' passed.
2026-08-12 15:15:21 +0200 - dagster - DEBUG - __ASSET_JOB - 14325beb-4745-4205-9b08-5db81726caa7 - 56700 - _dbt - STEP_OUTPUT - Yielded output "acme_us__fct_payments_unique_fct_payments_payment_id" of type "Any". (Type check passed).
2026-08-12 15:15:21 +0200 - dagster - DEBUG - __ASSET_JOB - 14325beb-4745-4205-9b08-5db81726caa7 - 56700 - _dbt - ASSET_CHECK_EVALUATION - Asset check 'unique_fct_payments_payment_id' on 'acme_us/fct_payments' passed.
2026-08-12 15:15:21 +0200 - dagster - INFO - __ASSET_JOB - 14325beb-4745-4205-9b08-5db81726caa7 - _dbt - Finished dbt command: `dbt build --select acme_us.marts.fct_payments acme_us.staging.stripe.stg_stripe__charges`.
2026-08-12 15:15:21 +0200 - dagster - DEBUG - __ASSET_JOB - 14325beb-4745-4205-9b08-5db81726caa7 - 56700 - _dbt - STEP_SUCCESS - Finished execution of step "_dbt" in 4.83s.
