Running with dbt=1.11.12
Registered adapter: duckdb=1.11.0
Unable to do partial parsing because config vars, config profile, or config target have changed
Unable to do partial parsing because profile has changed
Found 7 models, 18 data tests, 3 sources, 2 exposures, 6 metrics, 628 macros, 2 semantic models, 1 saved query

Concurrency: 4 threads (target='dev')

1 of 8 START sql view model main_staging.stg_stripe__charges ................... [RUN]
1 of 8 OK created sql view model main_staging.stg_stripe__charges .............. [[32mOK[0m in 0.04s]
2 of 8 START test not_null_stg_stripe__charges_amount .......................... [RUN]
3 of 8 START test not_null_stg_stripe__charges_paid_at ......................... [RUN]
4 of 8 START test not_null_stg_stripe__charges_payment_id ...................... [RUN]
5 of 8 START test unique_stg_stripe__charges_payment_id ........................ [RUN]
4 of 8 PASS not_null_stg_stripe__charges_payment_id ............................ [[32mPASS[0m in 0.04s]
5 of 8 PASS unique_stg_stripe__charges_payment_id .............................. [[32mPASS[0m in 0.04s]
3 of 8 PASS not_null_stg_stripe__charges_paid_at ............................... [[32mPASS[0m in 0.05s]
2 of 8 PASS not_null_stg_stripe__charges_amount ................................ [[32mPASS[0m in 0.05s]
6 of 8 START sql table model main_marts.fct_payments ........................... [RUN]
6 of 8 OK created sql table model main_marts.fct_payments ...................... [[32mOK[0m in 0.05s]
7 of 8 START test not_null_fct_payments_payment_id ............................. [RUN]
8 of 8 START test unique_fct_payments_payment_id ............................... [RUN]
7 of 8 PASS not_null_fct_payments_payment_id ................................... [[32mPASS[0m in 0.02s]
8 of 8 PASS unique_fct_payments_payment_id ..................................... [[32mPASS[0m in 0.02s]

Finished running 1 table model, 6 data tests, 1 view model in 0 hours 0 minutes and 0.29 seconds (0.29s).

[32mCompleted successfully[0m

Done. PASS=8 WARN=0 ERROR=0 SKIP=0 NO-OP=0 TOTAL=8
