2026-08-12 16:34:26 +0200 - dagster - DEBUG - __ASSET_JOB - 64b3e3a8-bef1-40c4-827e-bd9d3e03aa22 - 80981 - LOGS_CAPTURED - Capturing logs for process (pid: 80981).
2026-08-12 16:34:26 +0200 - dagster - DEBUG - __ASSET_JOB - 64b3e3a8-bef1-40c4-827e-bd9d3e03aa22 - 80981 - acme_rollup__group_rollup - STEP_START - Started execution of step "acme_rollup__group_rollup".
2026-08-12 16:34:26 +0200 - dagster - ERROR - __ASSET_JOB - 64b3e3a8-bef1-40c4-827e-bd9d3e03aa22 - 80981 - acme_rollup__group_rollup - STEP_FAILURE - Execution of step "acme_rollup__group_rollup" failed.

dagster._core.errors.DagsterExecutionStepExecutionError: Error occurred while executing op "acme_rollup__group_rollup"::

FileNotFoundError: sister database missing: us at ../acme-us/data/acme_us.duckdb

Stack Trace:
  File "/Users/suresh/data-platform/.venv/lib/python3.12/site-packages/dagster/_core/execution/plan/utils.py", line 57, in op_execution_error_boundary
    yield
  File "/Users/suresh/data-platform/.venv/lib/python3.12/site-packages/dagster/_utils/__init__.py", line 394, in iterate_with_context
    next_output = next(iterator)
                  ^^^^^^^^^^^^^^
  File "/Users/suresh/data-platform/.venv/lib/python3.12/site-packages/dagster/_core/execution/plan/compute_generator.py", line 136, in _coerce_op_compute_fn_to_iterator
    result = invoke_compute_fn(
             ^^^^^^^^^^^^^^^^^^
  File "/Users/suresh/data-platform/.venv/lib/python3.12/site-packages/dagster/_core/execution/plan/compute_generator.py", line 116, in invoke_compute_fn
    return fn(context, **args_to_pass) if context_arg_provided else fn(**args_to_pass)
           ^^^^^^^^^^^^^^^^^^^^^^^^^^^
  File "/Users/suresh/data-platform/platform/src/pf/runtime/dagster_runtime.py", line 235, in _rollup
    with wh.attach_sisters(paths) as con:
         ^^^^^^^^^^^^^^^^^^^^^^^^
  File "/opt/homebrew/Cellar/python@3.12/3.12.7_1/Frameworks/Python.framework/Versions/3.12/lib/python3.12/contextlib.py", line 137, in __enter__
    return next(self.gen)
           ^^^^^^^^^^^^^^
  File "/Users/suresh/data-platform/platform/src/pf/runtime/warehouse.py", line 79, in attach_sisters
    raise FileNotFoundError(f"sister database missing: {alias} at {p}")

