2026-08-12 16:31:48 +0200 - dagster - DEBUG - __ASSET_JOB - 45e08a3b-a88c-4683-a3dd-d010dfcff498 - 79611 - LOGS_CAPTURED - Capturing logs for process (pid: 79611).
2026-08-12 16:31:48 +0200 - dagster - DEBUG - __ASSET_JOB - 45e08a3b-a88c-4683-a3dd-d010dfcff498 - 79611 - acme_us__subscriptions - STEP_START - Started execution of step "acme_us__subscriptions".
2026-08-12 16:31:48 +0200 - dagster - ERROR - __ASSET_JOB - 45e08a3b-a88c-4683-a3dd-d010dfcff498 - 79611 - acme_us__subscriptions - STEP_FAILURE - Execution of step "acme_us__subscriptions" failed.

dagster._core.errors.DagsterExecutionStepExecutionError: Error occurred while executing op "acme_us__subscriptions"::

dlt.pipeline.exceptions.PipelineStepFailed: Pipeline execution failed at `step=load` when processing package with `load_id=1786545108.096255` with exception:

<class 'dlt.destinations.exceptions.DestinationConnectionError'>
Connection with `client_type=DuckDbSqlClient` to `dataset_name=subscriptions` failed. Please check if you configured the credentials at all and provided the right credentials values. You can be also denied access or your internet connection may be down. The actual reason given is: IO Error: Could not set lock on file "/Users/suresh/data-platform/groups/acme/projects/acme-us/data/acme_us.duckdb": Conflicting lock is held in /opt/homebrew/Cellar/python@3.12/3.12.7_1/Frameworks/Python.framework/Versions/3.12/Resources/Python.app/Contents/MacOS/Python (PID 79610) by user suresh. See also https://duckdb.org/docs/stable/connect/concurrency

Pending packages are left in the pipeline and will be re-tried on the next pipeline run. If you pass new data to extract to next run, it will be ignored. Run `dlt pipeline acme-us_subscriptions info` for more information or `dlt pipeline acme-us_subscriptions abort-packages` to abort pending packages.

Note: If the pipeline working directory is on ephemeral storage (e.g. dltHub platform jobs, serverless functions, or CI runners without persistent volumes), pending packages are lost and not retried.

Stack Trace:
  File "/Users/suresh/data-platform/.venv/lib/python3.12/site-packages/dagster/_core/execution/plan/utils.py", line 57, in op_execution_error_boundary
    yield
  File "/Users/suresh/data-platform/.venv/lib/python3.12/site-packages/dagster/_utils/__init__.py", line 394, in iterate_with_context
    next_output = next(iterator)
                  ^^^^^^^^^^^^^^
  File "/Users/suresh/data-platform/.venv/lib/python3.12/site-packages/dagster/_core/execution/plan/compute_generator.py", line 136, in _coerce_op_compute_fn_to_iterator
    result = invoke_compute_fn(
             ^^^^^^^^^^^^^^^^^^
  File "/Users/suresh/data-platform/.venv/lib/python3.12/site-packages/dagster/_core/execution/plan/compute_generator.py", line 116, in invoke_compute_fn
    return fn(context, **args_to_pass) if context_arg_provided else fn(**args_to_pass)
           ^^^^^^^^^^^^^^^^^^^^^^^^^^^
  File "/Users/suresh/data-platform/platform/src/pf/runtime/dagster_runtime.py", line 144, in _ingest
    info = run_source(wh, resource, source_name=name)
           ^^^^^^^^^^^^^^^^^^^^^^^^^^^^^^^^^^^^^^^^^^
  File "/Users/suresh/data-platform/platform/src/pf/runtime/dlt_runtime.py", line 41, in run_source
    info = pipeline.run(source, schema_contract=contract or DEFAULT_CONTRACT)
           ^^^^^^^^^^^^^^^^^^^^^^^^^^^^^^^^^^^^^^^^^^^^^^^^^^^^^^^^^^^^^^^^^^
  File "/Users/suresh/data-platform/.venv/lib/python3.12/site-packages/dlt/pipeline/pipeline.py", line 237, in _wrap
    step_info = f(self, *args, **kwargs)
                ^^^^^^^^^^^^^^^^^^^^^^^^
  File "/Users/suresh/data-platform/.venv/lib/python3.12/site-packages/dlt/pipeline/pipeline.py", line 285, in _wrap
    return f(self, *args, **kwargs)
           ^^^^^^^^^^^^^^^^^^^^^^^^
  File "/Users/suresh/data-platform/.venv/lib/python3.12/site-packages/dlt/pipeline/pipeline.py", line 828, in run
    return self.load(destination, dataset_name, credentials=credentials)
           ^^^^^^^^^^^^^^^^^^^^^^^^^^^^^^^^^^^^^^^^^^^^^^^^^^^^^^^^^^^^^
  File "/Users/suresh/data-platform/.venv/lib/python3.12/site-packages/dlt/pipeline/pipeline.py", line 237, in _wrap
    step_info = f(self, *args, **kwargs)
                ^^^^^^^^^^^^^^^^^^^^^^^^
  File "/Users/suresh/data-platform/.venv/lib/python3.12/site-packages/dlt/pipeline/pipeline.py", line 609, in load
    return self._load(
           ^^^^^^^^^^^
  File "/Users/suresh/data-platform/.venv/lib/python3.12/site-packages/dlt/pipeline/pipeline.py", line 176, in _wrap
    return f(self, *args, **kwargs)
           ^^^^^^^^^^^^^^^^^^^^^^^^
  File "/Users/suresh/data-platform/.venv/lib/python3.12/site-packages/dlt/pipeline/pipeline.py", line 285, in _wrap
    return f(self, *args, **kwargs)
           ^^^^^^^^^^^^^^^^^^^^^^^^
  File "/Users/suresh/data-platform/.venv/lib/python3.12/site-packages/dlt/pipeline/pipeline.py", line 693, in _load
    raise PipelineStepFailed(self, "load", err_load_id, l_ex, step_info) from l_ex

The above exception was caused by the following exception:
dlt.destinations.exceptions.DestinationConnectionError: Connection with `client_type=DuckDbSqlClient` to `dataset_name=subscriptions` failed. Please check if you configured the credentials at all and provided the right credentials values. You can be also denied access or your internet connection may be down. The actual reason given is: IO Error: Could not set lock on file "/Users/suresh/data-platform/groups/acme/projects/acme-us/data/acme_us.duckdb": Conflicting lock is held in /opt/homebrew/Cellar/python@3.12/3.12.7_1/Frameworks/Python.framework/Versions/3.12/Resources/Python.app/Contents/MacOS/Python (PID 79610) by user suresh. See also https://duckdb.org/docs/stable/connect/concurrency

Stack Trace:
  File "/Users/suresh/data-platform/.venv/lib/python3.12/site-packages/dlt/pipeline/pipeline.py", line 683, in _load
    runner.run_pool(load_step.config, load_step)
  File "/Users/suresh/data-platform/.venv/lib/python3.12/site-packages/dlt/common/runners/pool_runner.py", line 265, in run_pool
    while _run_func():
          ^^^^^^^^^^^
  File "/Users/suresh/data-platform/.venv/lib/python3.12/site-packages/dlt/common/runners/pool_runner.py", line 258, in _run_func
    run_metrics = run_f.run(cast(TExecutor, pool))
                  ^^^^^^^^^^^^^^^^^^^^^^^^^^^^^^^^
  File "/Users/suresh/data-platform/.venv/lib/python3.12/site-packages/dlt/load/load.py", line 902, in run
    self.load_single_package(load_id, schema)
  File "/Users/suresh/data-platform/.venv/lib/python3.12/site-packages/dlt/load/load.py", line 756, in load_single_package
    running_jobs = self.initialize_package(load_id, schema, new_jobs)
                   ^^^^^^^^^^^^^^^^^^^^^^^^^^^^^^^^^^^^^^^^^^^^^^^^^^
  File "/Users/suresh/data-platform/.venv/lib/python3.12/site-packages/dlt/load/load.py", line 684, in initialize_package
    with self.get_destination_client(schema) as job_client:
         ^^^^^^^^^^^^^^^^^^^^^^^^^^^^^^^^^^^
  File "/Users/suresh/data-platform/.venv/lib/python3.12/site-packages/dlt/destinations/job_client_impl.py", line 448, in __enter__
    self.sql_client.open_connection()
  File "/Users/suresh/data-platform/.venv/lib/python3.12/site-packages/dlt/destinations/sql_client.py", line 568, in _wrap
    raise DestinationConnectionError(type(self).__name__, self.dataset_name, str(ex), ex)

The above exception occurred during handling of the following exception:
_duckdb.IOException: IO Error: Could not set lock on file "/Users/suresh/data-platform/groups/acme/projects/acme-us/data/acme_us.duckdb": Conflicting lock is held in /opt/homebrew/Cellar/python@3.12/3.12.7_1/Frameworks/Python.framework/Versions/3.12/Resources/Python.app/Contents/MacOS/Python (PID 79610) by user suresh. See also https://duckdb.org/docs/stable/connect/concurrency

Stack Trace:
  File "/Users/suresh/data-platform/.venv/lib/python3.12/site-packages/dlt/destinations/sql_client.py", line 560, in _wrap
    return f(self, *args, **kwargs)
           ^^^^^^^^^^^^^^^^^^^^^^^^
  File "/Users/suresh/data-platform/.venv/lib/python3.12/site-packages/dlt/destinations/impl/duckdb/sql_client.py", line 153, in open_connection
    self._conn = self.credentials.conn_pool.borrow_conn(
                 ^^^^^^^^^^^^^^^^^^^^^^^^^^^^^^^^^^^^^^^
  File "/Users/suresh/data-platform/.venv/lib/python3.12/site-packages/dlt/destinations/impl/duckdb/configuration.py", line 209, in borrow_conn
    new_conn = duckdb.connect(
               ^^^^^^^^^^^^^^^

