Running with dbt=1.11.12
Registered adapter: duckdb=1.11.0
Unable to do partial parsing because config vars, config profile, or config target have changed
Unable to do partial parsing because profile has changed
Found 7 models, 18 data tests, 3 sources, 2 exposures, 6 metrics, 628 macros, 2 semantic models, 1 saved query

Concurrency: 4 threads (target='dev')

1 of 28 START sql table model main.metricflow_time_spine ....................... [RUN]
2 of 28 START sql view model main_staging.stg_stripe__charges .................. [RUN]
3 of 28 START sql view model main_staging.stg_stripe__customers ................ [RUN]
4 of 28 START sql view model main_staging.stg_stripe__subscriptions ............ [RUN]
4 of 28 OK created sql view model main_staging.stg_stripe__subscriptions ....... [[32mOK[0m in 0.11s]
2 of 28 OK created sql view model main_staging.stg_stripe__charges ............. [[32mOK[0m in 0.12s]
3 of 28 OK created sql view model main_staging.stg_stripe__customers ........... [[32mOK[0m in 0.11s]
1 of 28 OK created sql table model main.metricflow_time_spine .................. [[32mOK[0m in 0.12s]
5 of 28 START test not_null_stg_stripe__subscriptions_mrr_amount ............... [RUN]
6 of 28 START test not_null_stg_stripe__subscriptions_started_at ............... [RUN]
7 of 28 START test not_null_stg_stripe__subscriptions_subscription_id .......... [RUN]
8 of 28 START test unique_stg_stripe__subscriptions_subscription_id ............ [RUN]
7 of 28 PASS not_null_stg_stripe__subscriptions_subscription_id ................ [[32mPASS[0m in 0.05s]
8 of 28 PASS unique_stg_stripe__subscriptions_subscription_id .................. [[32mPASS[0m in 0.05s]
6 of 28 PASS not_null_stg_stripe__subscriptions_started_at ..................... [[32mPASS[0m in 0.05s]
9 of 28 START test not_null_stg_stripe__charges_amount ......................... [RUN]
5 of 28 PASS not_null_stg_stripe__subscriptions_mrr_amount ..................... [[32mPASS[0m in 0.05s]
10 of 28 START test not_null_stg_stripe__charges_paid_at ....................... [RUN]
11 of 28 START test not_null_stg_stripe__charges_payment_id .................... [RUN]
12 of 28 START test unique_stg_stripe__charges_payment_id ...................... [RUN]
11 of 28 PASS not_null_stg_stripe__charges_payment_id .......................... [[32mPASS[0m in 0.03s]
13 of 28 START test not_null_stg_stripe__customers_created_at .................. [RUN]
10 of 28 PASS not_null_stg_stripe__charges_paid_at ............................. [[32mPASS[0m in 0.04s]
12 of 28 PASS unique_stg_stripe__charges_payment_id ............................ [[32mPASS[0m in 0.03s]
9 of 28 PASS not_null_stg_stripe__charges_amount ............................... [[32mPASS[0m in 0.04s]
14 of 28 START test not_null_stg_stripe__customers_customer_id ................. [RUN]
15 of 28 START test unique_stg_stripe__customers_customer_id ................... [RUN]
16 of 28 START test not_null_metricflow_time_spine_date_day .................... [RUN]
15 of 28 PASS unique_stg_stripe__customers_customer_id ......................... [[32mPASS[0m in 0.03s]
13 of 28 PASS not_null_stg_stripe__customers_created_at ........................ [[32mPASS[0m in 0.04s]
14 of 28 PASS not_null_stg_stripe__customers_customer_id ....................... [[32mPASS[0m in 0.03s]
16 of 28 PASS not_null_metricflow_time_spine_date_day .......................... [[32mPASS[0m in 0.03s]
17 of 28 START test unique_metricflow_time_spine_date_day ...................... [RUN]
18 of 28 START sql table model main_marts.dim_customers ........................ [RUN]
19 of 28 START sql table model main_marts.fct_payments ......................... [RUN]
17 of 28 PASS unique_metricflow_time_spine_date_day ............................ [[32mPASS[0m in 0.07s]
18 of 28 OK created sql table model main_marts.dim_customers ................... [[32mOK[0m in 0.09s]
19 of 28 OK created sql table model main_marts.fct_payments .................... [[32mOK[0m in 0.09s]
21 of 28 START test not_null_dim_customers_customer_id ......................... [RUN]
22 of 28 START test unique_dim_customers_customer_id ........................... [RUN]
20 of 28 NO-OP exposure crm_customer_sync ...................................... [[33mNO-OP[0m in 0.00s]
23 of 28 NO-OP saved query exec_weekly ......................................... [[33mNO-OP[0m in 0.00s]
24 of 28 START test not_null_fct_payments_payment_id ........................... [RUN]
25 of 28 START test unique_fct_payments_payment_id ............................. [RUN]
22 of 28 PASS unique_dim_customers_customer_id ................................. [[32mPASS[0m in 0.03s]
21 of 28 PASS not_null_dim_customers_customer_id ............................... [[32mPASS[0m in 0.03s]
25 of 28 PASS unique_fct_payments_payment_id ................................... [[32mPASS[0m in 0.02s]
24 of 28 PASS not_null_fct_payments_payment_id ................................. [[32mPASS[0m in 0.03s]
26 of 28 START sql table model main_marts.fct_revenue .......................... [RUN]
26 of 28 OK created sql table model main_marts.fct_revenue ..................... [[32mOK[0m in 0.02s]
28 of 28 START test not_null_fct_revenue_revenue_date .......................... [RUN]
27 of 28 NO-OP exposure exec_weekly_dashboard .................................. [[33mNO-OP[0m in 0.00s]
28 of 28 PASS not_null_fct_revenue_revenue_date ................................ [[32mPASS[0m in 0.01s]

Finished running 2 exposures, 1 saved query, 4 table models, 18 data tests, 3 view models in 0 hours 0 minutes and 0.53 seconds (0.53s).

[32mCompleted successfully[0m

Done. PASS=25 WARN=0 ERROR=0 SKIP=0 NO-OP=3 TOTAL=28
