2026-08-12 16:41:43 +0200 - dagster - DEBUG - __ASSET_JOB - ad0ed1de-de97-4b94-b63e-db894f88e773 - 84764 - LOGS_CAPTURED - Capturing logs for process (pid: 84764).
2026-08-12 16:41:43 +0200 - dagster - DEBUG - __ASSET_JOB - ad0ed1de-de97-4b94-b63e-db894f88e773 - 84764 - _dbt - STEP_START - Started execution of step "_dbt".
2026-08-12 16:41:43 +0200 - dagster - INFO - __ASSET_JOB - ad0ed1de-de97-4b94-b63e-db894f88e773 - _dbt - A dbt subsetted execution is not being performed. Using the default dbt selection arguments `['--select', 'fqn:*']`.
2026-08-12 16:41:45 +0200 - dagster - INFO - __ASSET_JOB - ad0ed1de-de97-4b94-b63e-db894f88e773 - _dbt - Copying `/Users/suresh/data-platform/groups/acme/projects/acme-eu/transform/target/partial_parse.msgpack` to `/Users/suresh/data-platform/groups/acme/projects/acme-eu/transform/target/_dbt-ad0ed1d-2fcd224/partial_parse.msgpack` to take advantage of partial parsing.
2026-08-12 16:41:45 +0200 - dagster - INFO - __ASSET_JOB - ad0ed1de-de97-4b94-b63e-db894f88e773 - _dbt - Running dbt command: `dbt build --select fqn:*`.
2026-08-12 16:41:48 +0200 - dagster - DEBUG - __ASSET_JOB - ad0ed1de-de97-4b94-b63e-db894f88e773 - 84764 - _dbt - STEP_OUTPUT - Yielded output "acme_eu__stg_stripe__subscriptions" of type "Nothing". (Type check passed).
2026-08-12 16:41:48 +0200 - dagster - DEBUG - __ASSET_JOB - ad0ed1de-de97-4b94-b63e-db894f88e773 - 84764 - _dbt - ASSET_MATERIALIZATION - Materialized value acme_eu stg_stripe__subscriptions.
2026-08-12 16:41:48 +0200 - dagster - DEBUG - __ASSET_JOB - ad0ed1de-de97-4b94-b63e-db894f88e773 - 84764 - _dbt - STEP_OUTPUT - Yielded output "acme_eu__stg_stripe__charges" of type "Nothing". (Type check passed).
2026-08-12 16:41:48 +0200 - dagster - DEBUG - __ASSET_JOB - ad0ed1de-de97-4b94-b63e-db894f88e773 - 84764 - _dbt - ASSET_MATERIALIZATION - Materialized value acme_eu stg_stripe__charges.
2026-08-12 16:41:48 +0200 - dagster - DEBUG - __ASSET_JOB - ad0ed1de-de97-4b94-b63e-db894f88e773 - 84764 - _dbt - STEP_OUTPUT - Yielded output "acme_eu__stg_stripe__customers" of type "Nothing". (Type check passed).
2026-08-12 16:41:48 +0200 - dagster - DEBUG - __ASSET_JOB - ad0ed1de-de97-4b94-b63e-db894f88e773 - 84764 - _dbt - ASSET_MATERIALIZATION - Materialized value acme_eu stg_stripe__customers.
2026-08-12 16:41:48 +0200 - dagster - DEBUG - __ASSET_JOB - ad0ed1de-de97-4b94-b63e-db894f88e773 - 84764 - _dbt - STEP_OUTPUT - Yielded output "acme_eu__metricflow_time_spine" of type "Nothing". (Type check passed).
2026-08-12 16:41:48 +0200 - dagster - DEBUG - __ASSET_JOB - ad0ed1de-de97-4b94-b63e-db894f88e773 - 84764 - _dbt - ASSET_MATERIALIZATION - Materialized value acme_eu metricflow_time_spine.
2026-08-12 16:41:48 +0200 - dagster - DEBUG - __ASSET_JOB - ad0ed1de-de97-4b94-b63e-db894f88e773 - 84764 - _dbt - STEP_OUTPUT - Yielded output "acme_eu__stg_stripe__subscriptions_not_null_stg_stripe__subscriptions_subscription_id" of type "Any". (Type check passed).
2026-08-12 16:41:48 +0200 - dagster - DEBUG - __ASSET_JOB - ad0ed1de-de97-4b94-b63e-db894f88e773 - 84764 - _dbt - ASSET_CHECK_EVALUATION - Asset check 'not_null_stg_stripe__subscriptions_subscription_id' on 'acme_eu/stg_stripe__subscriptions' passed.
2026-08-12 16:41:48 +0200 - dagster - DEBUG - __ASSET_JOB - ad0ed1de-de97-4b94-b63e-db894f88e773 - 84764 - _dbt - STEP_OUTPUT - Yielded output "acme_eu__stg_stripe__subscriptions_unique_stg_stripe__subscriptions_subscription_id" of type "Any". (Type check passed).
2026-08-12 16:41:48 +0200 - dagster - DEBUG - __ASSET_JOB - ad0ed1de-de97-4b94-b63e-db894f88e773 - 84764 - _dbt - ASSET_CHECK_EVALUATION - Asset check 'unique_stg_stripe__subscriptions_subscription_id' on 'acme_eu/stg_stripe__subscriptions' passed.
2026-08-12 16:41:48 +0200 - dagster - DEBUG - __ASSET_JOB - ad0ed1de-de97-4b94-b63e-db894f88e773 - 84764 - _dbt - STEP_OUTPUT - Yielded output "acme_eu__stg_stripe__subscriptions_not_null_stg_stripe__subscriptions_started_at" of type "Any". (Type check passed).
2026-08-12 16:41:48 +0200 - dagster - DEBUG - __ASSET_JOB - ad0ed1de-de97-4b94-b63e-db894f88e773 - 84764 - _dbt - ASSET_CHECK_EVALUATION - Asset check 'not_null_stg_stripe__subscriptions_started_at' on 'acme_eu/stg_stripe__subscriptions' passed.
2026-08-12 16:41:48 +0200 - dagster - DEBUG - __ASSET_JOB - ad0ed1de-de97-4b94-b63e-db894f88e773 - 84764 - _dbt - STEP_OUTPUT - Yielded output "acme_eu__stg_stripe__subscriptions_not_null_stg_stripe__subscriptions_mrr_amount" of type "Any". (Type check passed).
2026-08-12 16:41:48 +0200 - dagster - DEBUG - __ASSET_JOB - ad0ed1de-de97-4b94-b63e-db894f88e773 - 84764 - _dbt - ASSET_CHECK_EVALUATION - Asset check 'not_null_stg_stripe__subscriptions_mrr_amount' on 'acme_eu/stg_stripe__subscriptions' passed.
2026-08-12 16:41:48 +0200 - dagster - DEBUG - __ASSET_JOB - ad0ed1de-de97-4b94-b63e-db894f88e773 - 84764 - _dbt - STEP_OUTPUT - Yielded output "acme_eu__stg_stripe__charges_not_null_stg_stripe__charges_payment_id" of type "Any". (Type check passed).
2026-08-12 16:41:48 +0200 - dagster - DEBUG - __ASSET_JOB - ad0ed1de-de97-4b94-b63e-db894f88e773 - 84764 - _dbt - ASSET_CHECK_EVALUATION - Asset check 'not_null_stg_stripe__charges_payment_id' on 'acme_eu/stg_stripe__charges' passed.
2026-08-12 16:41:48 +0200 - dagster - DEBUG - __ASSET_JOB - ad0ed1de-de97-4b94-b63e-db894f88e773 - 84764 - _dbt - STEP_OUTPUT - Yielded output "acme_eu__stg_stripe__charges_not_null_stg_stripe__charges_paid_at" of type "Any". (Type check passed).
2026-08-12 16:41:48 +0200 - dagster - DEBUG - __ASSET_JOB - ad0ed1de-de97-4b94-b63e-db894f88e773 - 84764 - _dbt - ASSET_CHECK_EVALUATION - Asset check 'not_null_stg_stripe__charges_paid_at' on 'acme_eu/stg_stripe__charges' passed.
2026-08-12 16:41:48 +0200 - dagster - DEBUG - __ASSET_JOB - ad0ed1de-de97-4b94-b63e-db894f88e773 - 84764 - _dbt - STEP_OUTPUT - Yielded output "acme_eu__stg_stripe__charges_unique_stg_stripe__charges_payment_id" of type "Any". (Type check passed).
2026-08-12 16:41:48 +0200 - dagster - DEBUG - __ASSET_JOB - ad0ed1de-de97-4b94-b63e-db894f88e773 - 84764 - _dbt - ASSET_CHECK_EVALUATION - Asset check 'unique_stg_stripe__charges_payment_id' on 'acme_eu/stg_stripe__charges' passed.
2026-08-12 16:41:48 +0200 - dagster - DEBUG - __ASSET_JOB - ad0ed1de-de97-4b94-b63e-db894f88e773 - 84764 - _dbt - STEP_OUTPUT - Yielded output "acme_eu__stg_stripe__charges_not_null_stg_stripe__charges_amount" of type "Any". (Type check passed).
2026-08-12 16:41:48 +0200 - dagster - DEBUG - __ASSET_JOB - ad0ed1de-de97-4b94-b63e-db894f88e773 - 84764 - _dbt - ASSET_CHECK_EVALUATION - Asset check 'not_null_stg_stripe__charges_amount' on 'acme_eu/stg_stripe__charges' passed.
2026-08-12 16:41:48 +0200 - dagster - DEBUG - __ASSET_JOB - ad0ed1de-de97-4b94-b63e-db894f88e773 - 84764 - _dbt - STEP_OUTPUT - Yielded output "acme_eu__stg_stripe__customers_unique_stg_stripe__customers_customer_id" of type "Any". (Type check passed).
2026-08-12 16:41:48 +0200 - dagster - DEBUG - __ASSET_JOB - ad0ed1de-de97-4b94-b63e-db894f88e773 - 84764 - _dbt - ASSET_CHECK_EVALUATION - Asset check 'unique_stg_stripe__customers_customer_id' on 'acme_eu/stg_stripe__customers' passed.
2026-08-12 16:41:48 +0200 - dagster - DEBUG - __ASSET_JOB - ad0ed1de-de97-4b94-b63e-db894f88e773 - 84764 - _dbt - STEP_OUTPUT - Yielded output "acme_eu__stg_stripe__customers_not_null_stg_stripe__customers_created_at" of type "Any". (Type check passed).
2026-08-12 16:41:48 +0200 - dagster - DEBUG - __ASSET_JOB - ad0ed1de-de97-4b94-b63e-db894f88e773 - 84764 - _dbt - ASSET_CHECK_EVALUATION - Asset check 'not_null_stg_stripe__customers_created_at' on 'acme_eu/stg_stripe__customers' passed.
2026-08-12 16:41:48 +0200 - dagster - DEBUG - __ASSET_JOB - ad0ed1de-de97-4b94-b63e-db894f88e773 - 84764 - _dbt - STEP_OUTPUT - Yielded output "acme_eu__stg_stripe__customers_not_null_stg_stripe__customers_customer_id" of type "Any". (Type check passed).
2026-08-12 16:41:48 +0200 - dagster - DEBUG - __ASSET_JOB - ad0ed1de-de97-4b94-b63e-db894f88e773 - 84764 - _dbt - ASSET_CHECK_EVALUATION - Asset check 'not_null_stg_stripe__customers_customer_id' on 'acme_eu/stg_stripe__customers' passed.
2026-08-12 16:41:48 +0200 - dagster - DEBUG - __ASSET_JOB - ad0ed1de-de97-4b94-b63e-db894f88e773 - 84764 - _dbt - STEP_OUTPUT - Yielded output "acme_eu__metricflow_time_spine_not_null_metricflow_time_spine_date_day" of type "Any". (Type check passed).
2026-08-12 16:41:48 +0200 - dagster - DEBUG - __ASSET_JOB - ad0ed1de-de97-4b94-b63e-db894f88e773 - 84764 - _dbt - ASSET_CHECK_EVALUATION - Asset check 'not_null_metricflow_time_spine_date_day' on 'acme_eu/metricflow_time_spine' passed.
2026-08-12 16:41:48 +0200 - dagster - DEBUG - __ASSET_JOB - ad0ed1de-de97-4b94-b63e-db894f88e773 - 84764 - _dbt - STEP_OUTPUT - Yielded output "acme_eu__metricflow_time_spine_unique_metricflow_time_spine_date_day" of type "Any". (Type check passed).
2026-08-12 16:41:48 +0200 - dagster - DEBUG - __ASSET_JOB - ad0ed1de-de97-4b94-b63e-db894f88e773 - 84764 - _dbt - ASSET_CHECK_EVALUATION - Asset check 'unique_metricflow_time_spine_date_day' on 'acme_eu/metricflow_time_spine' passed.
2026-08-12 16:41:48 +0200 - dagster - DEBUG - __ASSET_JOB - ad0ed1de-de97-4b94-b63e-db894f88e773 - 84764 - _dbt - STEP_OUTPUT - Yielded output "acme_eu__dim_customers" of type "Nothing". (Type check passed).
2026-08-12 16:41:48 +0200 - dagster - DEBUG - __ASSET_JOB - ad0ed1de-de97-4b94-b63e-db894f88e773 - 84764 - _dbt - ASSET_MATERIALIZATION - Materialized value acme_eu dim_customers.
2026-08-12 16:41:48 +0200 - dagster - DEBUG - __ASSET_JOB - ad0ed1de-de97-4b94-b63e-db894f88e773 - 84764 - _dbt - STEP_OUTPUT - Yielded output "acme_eu__fct_payments" of type "Nothing". (Type check passed).
2026-08-12 16:41:48 +0200 - dagster - DEBUG - __ASSET_JOB - ad0ed1de-de97-4b94-b63e-db894f88e773 - 84764 - _dbt - ASSET_MATERIALIZATION - Materialized value acme_eu fct_payments.
2026-08-12 16:41:48 +0200 - dagster - DEBUG - __ASSET_JOB - ad0ed1de-de97-4b94-b63e-db894f88e773 - 84764 - _dbt - STEP_OUTPUT - Yielded output "acme_eu__dim_customers_unique_dim_customers_customer_id" of type "Any". (Type check passed).
2026-08-12 16:41:48 +0200 - dagster - DEBUG - __ASSET_JOB - ad0ed1de-de97-4b94-b63e-db894f88e773 - 84764 - _dbt - ASSET_CHECK_EVALUATION - Asset check 'unique_dim_customers_customer_id' on 'acme_eu/dim_customers' passed.
2026-08-12 16:41:48 +0200 - dagster - DEBUG - __ASSET_JOB - ad0ed1de-de97-4b94-b63e-db894f88e773 - 84764 - _dbt - STEP_OUTPUT - Yielded output "acme_eu__dim_customers_not_null_dim_customers_customer_id" of type "Any". (Type check passed).
2026-08-12 16:41:48 +0200 - dagster - DEBUG - __ASSET_JOB - ad0ed1de-de97-4b94-b63e-db894f88e773 - 84764 - _dbt - ASSET_CHECK_EVALUATION - Asset check 'not_null_dim_customers_customer_id' on 'acme_eu/dim_customers' passed.
2026-08-12 16:41:48 +0200 - dagster - DEBUG - __ASSET_JOB - ad0ed1de-de97-4b94-b63e-db894f88e773 - 84764 - _dbt - STEP_OUTPUT - Yielded output "acme_eu__fct_payments_unique_fct_payments_payment_id" of type "Any". (Type check passed).
2026-08-12 16:41:48 +0200 - dagster - DEBUG - __ASSET_JOB - ad0ed1de-de97-4b94-b63e-db894f88e773 - 84764 - _dbt - ASSET_CHECK_EVALUATION - Asset check 'unique_fct_payments_payment_id' on 'acme_eu/fct_payments' passed.
2026-08-12 16:41:48 +0200 - dagster - DEBUG - __ASSET_JOB - ad0ed1de-de97-4b94-b63e-db894f88e773 - 84764 - _dbt - STEP_OUTPUT - Yielded output "acme_eu__fct_payments_not_null_fct_payments_payment_id" of type "Any". (Type check passed).
2026-08-12 16:41:48 +0200 - dagster - DEBUG - __ASSET_JOB - ad0ed1de-de97-4b94-b63e-db894f88e773 - 84764 - _dbt - ASSET_CHECK_EVALUATION - Asset check 'not_null_fct_payments_payment_id' on 'acme_eu/fct_payments' passed.
2026-08-12 16:41:48 +0200 - dagster - DEBUG - __ASSET_JOB - ad0ed1de-de97-4b94-b63e-db894f88e773 - 84764 - _dbt - STEP_OUTPUT - Yielded output "acme_eu__fct_revenue" of type "Nothing". (Type check passed).
2026-08-12 16:41:48 +0200 - dagster - DEBUG - __ASSET_JOB - ad0ed1de-de97-4b94-b63e-db894f88e773 - 84764 - _dbt - ASSET_MATERIALIZATION - Materialized value acme_eu fct_revenue.
2026-08-12 16:41:48 +0200 - dagster - DEBUG - __ASSET_JOB - ad0ed1de-de97-4b94-b63e-db894f88e773 - 84764 - _dbt - STEP_OUTPUT - Yielded output "acme_eu__fct_revenue_not_null_fct_revenue_revenue_date" of type "Any". (Type check passed).
2026-08-12 16:41:48 +0200 - dagster - DEBUG - __ASSET_JOB - ad0ed1de-de97-4b94-b63e-db894f88e773 - 84764 - _dbt - ASSET_CHECK_EVALUATION - Asset check 'not_null_fct_revenue_revenue_date' on 'acme_eu/fct_revenue' passed.
2026-08-12 16:41:48 +0200 - dagster - INFO - __ASSET_JOB - ad0ed1de-de97-4b94-b63e-db894f88e773 - _dbt - Finished dbt command: `dbt build --select fqn:*`.
2026-08-12 16:41:48 +0200 - dagster - DEBUG - __ASSET_JOB - ad0ed1de-de97-4b94-b63e-db894f88e773 - 84764 - _dbt - STEP_SUCCESS - Finished execution of step "_dbt" in 5.01s.
